Γû▓ Next.js 16.1.6 (webpack)

  Creating an optimized production build ...
Γ£ô Compiled successfully in 3.0s
  Running TypeScript ...
  Collecting page data using 7 workers ...
  Generating static pages using 7 workers (0/7) ...
  Generating static pages using 7 workers (1/7) 
  Generating static pages using 7 workers (3/7) 
  Generating static pages using 7 workers (5/7) 
Γ£ô Generating static pages using 7 workers (7/7) in 563.6ms
  Finalizing page optimization ...
  Collecting build traces ...

Route (app)
Γöî Γùï /
Γö£ Γùï /_not-found
Γö£ ╞Æ /api/balance
Γö£ ╞Æ /api/deploy
Γöö ╞Æ /api/nonce


Γùï  (Static)   prerendered as static content
╞Æ  (Dynamic)  server-rendered on demand

